== V000: tablespaces y usuarios ==

PL/SQL procedure successfully completed.


Tablespace created.


Tablespace created.


Tablespace created.


Tablespace created.


Tablespace created.


User created.


User created.


User created.


User created.


User created.


Grant succeeded.


Grant succeeded.


Grant succeeded.


Grant succeeded.


Grant succeeded.

== V001: tablas de negocio ==

Table dropped.


Table dropped.


Table dropped.


Table dropped.


Table dropped.


Table created.


Table created.


Table created.


Table created.


Table created.

== Verificacion: usuarios, tablespaces y tablas ==

USERNAME
------------------------------------------------------------------------------------------------------------------------
DEFAULT_TABLESPACE
------------------------------
ACADEMIA
TS_ACADEMIA

CLINICA
TS_CLINICA

FINTECH
TS_FINTECH


USERNAME
------------------------------------------------------------------------------------------------------------------------
DEFAULT_TABLESPACE
------------------------------
LOGISTICA
TS_LOGISTICA

RETAIL
TS_RETAIL



TABLESPACE_NAME
------------------------------
TS_ACADEMIA
TS_CLINICA
TS_FINTECH
TS_LOGISTICA
TS_RETAIL


OWNER
------------------------------------------------------------------------------------------------------------------------
TABLE_NAME
------------------------------------------------------------------------------------------------------------------------
ACADEMIA
ALUMNOS

CLINICA
PACIENTES

FINTECH
CUENTAS


OWNER
------------------------------------------------------------------------------------------------------------------------
TABLE_NAME
------------------------------------------------------------------------------------------------------------------------
LOGISTICA
ENVIOS

RETAIL
PRODUCTOS


